running egg_info
creating ../../build/gazebo_perso/gazebo_perso.egg-info
writing ../../build/gazebo_perso/gazebo_perso.egg-info/PKG-INFO
writing dependency_links to ../../build/gazebo_perso/gazebo_perso.egg-info/dependency_links.txt
writing entry points to ../../build/gazebo_perso/gazebo_perso.egg-info/entry_points.txt
writing requirements to ../../build/gazebo_perso/gazebo_perso.egg-info/requires.txt
writing top-level names to ../../build/gazebo_perso/gazebo_perso.egg-info/top_level.txt
writing manifest file '../../build/gazebo_perso/gazebo_perso.egg-info/SOURCES.txt'
reading manifest file '../../build/gazebo_perso/gazebo_perso.egg-info/SOURCES.txt'
writing manifest file '../../build/gazebo_perso/gazebo_perso.egg-info/SOURCES.txt'
running build
running build_py
creating /home/skafee/Documents/cours/framework_robotique/ros2_gazebo/tp_ws/build/gazebo_perso/build
creating /home/skafee/Documents/cours/framework_robotique/ros2_gazebo/tp_ws/build/gazebo_perso/build/lib
creating /home/skafee/Documents/cours/framework_robotique/ros2_gazebo/tp_ws/build/gazebo_perso/build/lib/gazebo_perso
copying gazebo_perso/__init__.py -> /home/skafee/Documents/cours/framework_robotique/ros2_gazebo/tp_ws/build/gazebo_perso/build/lib/gazebo_perso
running install
running install_lib
creating /home/skafee/Documents/cours/framework_robotique/ros2_gazebo/tp_ws/install/gazebo_perso/lib/python3.10/site-packages/gazebo_perso
copying /home/skafee/Documents/cours/framework_robotique/ros2_gazebo/tp_ws/build/gazebo_perso/build/lib/gazebo_perso/__init__.py -> /home/skafee/Documents/cours/framework_robotique/ros2_gazebo/tp_ws/install/gazebo_perso/lib/python3.10/site-packages/gazebo_perso
byte-compiling /home/skafee/Documents/cours/framework_robotique/ros2_gazebo/tp_ws/install/gazebo_perso/lib/python3.10/site-packages/gazebo_perso/__init__.py to __init__.cpython-310.pyc
running install_data
creating /home/skafee/Documents/cours/framework_robotique/ros2_gazebo/tp_ws/install/gazebo_perso/share/ament_index
creating /home/skafee/Documents/cours/framework_robotique/ros2_gazebo/tp_ws/install/gazebo_perso/share/ament_index/resource_index
creating /home/skafee/Documents/cours/framework_robotique/ros2_gazebo/tp_ws/install/gazebo_perso/share/ament_index/resource_index/packages
copying resource/gazebo_perso -> /home/skafee/Documents/cours/framework_robotique/ros2_gazebo/tp_ws/install/gazebo_perso/share/ament_index/resource_index/packages
error: can't copy 'turtlebot3_world.launch.py': doesn't exist or not a regular file
copying package.xml -> /home/skafee/Documents/cours/framework_robotique/ros2_gazebo/tp_ws/install/gazebo_perso/share/gazebo_perso
creating /home/skafee/Documents/cours/framework_robotique/ros2_gazebo/tp_ws/install/gazebo_perso/share/gazebo_perso/launch
