[0.683s] Invoking command in '/home/skafee/Documents/cours/framework_robotique/ros2_gazebo/tp_ws/src/gazebo_perso': PYTHONPATH=/home/skafee/Documents/cours/framework_robotique/ros2_gazebo/tp_ws/build/gazebo_perso/prefix_override:/usr/lib/python3/dist-packages/colcon_core/task/python/colcon_distutils_commands:/home/skafee/Documents/cours/framework_robotique/ros2_gazebo/tp_ws/install/gazebo_perso/lib/python3.10/site-packages:${PYTHONPATH} /usr/bin/python3 -W ignore:setup.py install is deprecated -W ignore:easy_install command is deprecated setup.py egg_info --egg-base ../../build/gazebo_perso build --build-base /home/skafee/Documents/cours/framework_robotique/ros2_gazebo/tp_ws/build/gazebo_perso/build install --record /home/skafee/Documents/cours/framework_robotique/ros2_gazebo/tp_ws/build/gazebo_perso/install.log --single-version-externally-managed install_data
[0.942s] running egg_info
[0.944s] creating ../../build/gazebo_perso/gazebo_perso.egg-info
[0.944s] writing ../../build/gazebo_perso/gazebo_perso.egg-info/PKG-INFO
[0.944s] writing dependency_links to ../../build/gazebo_perso/gazebo_perso.egg-info/dependency_links.txt
[0.944s] writing entry points to ../../build/gazebo_perso/gazebo_perso.egg-info/entry_points.txt
[0.944s] writing requirements to ../../build/gazebo_perso/gazebo_perso.egg-info/requires.txt
[0.945s] writing top-level names to ../../build/gazebo_perso/gazebo_perso.egg-info/top_level.txt
[0.945s] writing manifest file '../../build/gazebo_perso/gazebo_perso.egg-info/SOURCES.txt'
[0.947s] reading manifest file '../../build/gazebo_perso/gazebo_perso.egg-info/SOURCES.txt'
[0.948s] writing manifest file '../../build/gazebo_perso/gazebo_perso.egg-info/SOURCES.txt'
[0.948s] running build
[0.948s] running build_py
[0.948s] creating /home/skafee/Documents/cours/framework_robotique/ros2_gazebo/tp_ws/build/gazebo_perso/build
[0.948s] creating /home/skafee/Documents/cours/framework_robotique/ros2_gazebo/tp_ws/build/gazebo_perso/build/lib
[0.949s] creating /home/skafee/Documents/cours/framework_robotique/ros2_gazebo/tp_ws/build/gazebo_perso/build/lib/gazebo_perso
[0.949s] copying gazebo_perso/__init__.py -> /home/skafee/Documents/cours/framework_robotique/ros2_gazebo/tp_ws/build/gazebo_perso/build/lib/gazebo_perso
[0.949s] running install
[0.949s] running install_lib
[0.950s] creating /home/skafee/Documents/cours/framework_robotique/ros2_gazebo/tp_ws/install/gazebo_perso/lib/python3.10/site-packages/gazebo_perso
[0.950s] copying /home/skafee/Documents/cours/framework_robotique/ros2_gazebo/tp_ws/build/gazebo_perso/build/lib/gazebo_perso/__init__.py -> /home/skafee/Documents/cours/framework_robotique/ros2_gazebo/tp_ws/install/gazebo_perso/lib/python3.10/site-packages/gazebo_perso
[0.951s] byte-compiling /home/skafee/Documents/cours/framework_robotique/ros2_gazebo/tp_ws/install/gazebo_perso/lib/python3.10/site-packages/gazebo_perso/__init__.py to __init__.cpython-310.pyc
[0.951s] running install_data
[0.951s] creating /home/skafee/Documents/cours/framework_robotique/ros2_gazebo/tp_ws/install/gazebo_perso/share/ament_index
[0.952s] creating /home/skafee/Documents/cours/framework_robotique/ros2_gazebo/tp_ws/install/gazebo_perso/share/ament_index/resource_index
[0.952s] creating /home/skafee/Documents/cours/framework_robotique/ros2_gazebo/tp_ws/install/gazebo_perso/share/ament_index/resource_index/packages
[0.952s] copying resource/gazebo_perso -> /home/skafee/Documents/cours/framework_robotique/ros2_gazebo/tp_ws/install/gazebo_perso/share/ament_index/resource_index/packages
[0.952s] error: can't copy 'turtlebot3_world.launch.py': doesn't exist or not a regular file
[0.952s] copying package.xml -> /home/skafee/Documents/cours/framework_robotique/ros2_gazebo/tp_ws/install/gazebo_perso/share/gazebo_perso
[0.952s] creating /home/skafee/Documents/cours/framework_robotique/ros2_gazebo/tp_ws/install/gazebo_perso/share/gazebo_perso/launch
[0.974s] Invoked command in '/home/skafee/Documents/cours/framework_robotique/ros2_gazebo/tp_ws/src/gazebo_perso' returned '1': PYTHONPATH=/home/skafee/Documents/cours/framework_robotique/ros2_gazebo/tp_ws/build/gazebo_perso/prefix_override:/usr/lib/python3/dist-packages/colcon_core/task/python/colcon_distutils_commands:/home/skafee/Documents/cours/framework_robotique/ros2_gazebo/tp_ws/install/gazebo_perso/lib/python3.10/site-packages:${PYTHONPATH} /usr/bin/python3 -W ignore:setup.py install is deprecated -W ignore:easy_install command is deprecated setup.py egg_info --egg-base ../../build/gazebo_perso build --build-base /home/skafee/Documents/cours/framework_robotique/ros2_gazebo/tp_ws/build/gazebo_perso/build install --record /home/skafee/Documents/cours/framework_robotique/ros2_gazebo/tp_ws/build/gazebo_perso/install.log --single-version-externally-managed install_data
