[0.746s] Invoking command in '/home/skafee/Documents/cours/framework_robotique/ros2_gazebo/tp_ws/src/gazebo_perso': PYTHONPATH=/home/skafee/Documents/cours/framework_robotique/ros2_gazebo/tp_ws/build/gazebo_perso/prefix_override:/usr/lib/python3/dist-packages/colcon_core/task/python/colcon_distutils_commands:/home/skafee/Documents/cours/framework_robotique/ros2_gazebo/tp_ws/install/gazebo_perso/lib/python3.10/site-packages:${PYTHONPATH} /usr/bin/python3 -W ignore:setup.py install is deprecated -W ignore:easy_install command is deprecated setup.py egg_info --egg-base ../../build/gazebo_perso build --build-base /home/skafee/Documents/cours/framework_robotique/ros2_gazebo/tp_ws/build/gazebo_perso/build install --record /home/skafee/Documents/cours/framework_robotique/ros2_gazebo/tp_ws/build/gazebo_perso/install.log --single-version-externally-managed install_data
[1.003s] running egg_info
[1.005s] writing ../../build/gazebo_perso/gazebo_perso.egg-info/PKG-INFO
[1.006s] writing dependency_links to ../../build/gazebo_perso/gazebo_perso.egg-info/dependency_links.txt
[1.006s] writing entry points to ../../build/gazebo_perso/gazebo_perso.egg-info/entry_points.txt
[1.006s] writing requirements to ../../build/gazebo_perso/gazebo_perso.egg-info/requires.txt
[1.006s] writing top-level names to ../../build/gazebo_perso/gazebo_perso.egg-info/top_level.txt
[1.009s] reading manifest file '../../build/gazebo_perso/gazebo_perso.egg-info/SOURCES.txt'
[1.010s] writing manifest file '../../build/gazebo_perso/gazebo_perso.egg-info/SOURCES.txt'
[1.010s] running build
[1.010s] running build_py
[1.010s] running install
[1.011s] running install_lib
[1.013s] running install_data
[1.013s] copying launch/turtlebot3_world.launch.py -> /home/skafee/Documents/cours/framework_robotique/ros2_gazebo/tp_ws/install/gazebo_perso/share/gazebo_perso/launch
[1.013s] running install_egg_info
[1.015s] removing '/home/skafee/Documents/cours/framework_robotique/ros2_gazebo/tp_ws/install/gazebo_perso/lib/python3.10/site-packages/gazebo_perso-0.0.0-py3.10.egg-info' (and everything under it)
[1.016s] Copying ../../build/gazebo_perso/gazebo_perso.egg-info to /home/skafee/Documents/cours/framework_robotique/ros2_gazebo/tp_ws/install/gazebo_perso/lib/python3.10/site-packages/gazebo_perso-0.0.0-py3.10.egg-info
[1.016s] running install_scripts
[1.039s] writing list of installed files to '/home/skafee/Documents/cours/framework_robotique/ros2_gazebo/tp_ws/build/gazebo_perso/install.log'
[1.065s] Invoked command in '/home/skafee/Documents/cours/framework_robotique/ros2_gazebo/tp_ws/src/gazebo_perso' returned '0': PYTHONPATH=/home/skafee/Documents/cours/framework_robotique/ros2_gazebo/tp_ws/build/gazebo_perso/prefix_override:/usr/lib/python3/dist-packages/colcon_core/task/python/colcon_distutils_commands:/home/skafee/Documents/cours/framework_robotique/ros2_gazebo/tp_ws/install/gazebo_perso/lib/python3.10/site-packages:${PYTHONPATH} /usr/bin/python3 -W ignore:setup.py install is deprecated -W ignore:easy_install command is deprecated setup.py egg_info --egg-base ../../build/gazebo_perso build --build-base /home/skafee/Documents/cours/framework_robotique/ros2_gazebo/tp_ws/build/gazebo_perso/build install --record /home/skafee/Documents/cours/framework_robotique/ros2_gazebo/tp_ws/build/gazebo_perso/install.log --single-version-externally-managed install_data
