[0.118s] DEBUG:colcon:Command line arguments: ['/usr/bin/colcon', 'build']
[0.118s] DEBUG:colcon:Parsed command line arguments: Namespace(log_base=None, log_level=None, verb_name='build', build_base='build', install_base='install', merge_install=False, symlink_install=False, test_result_base=None, continue_on_error=False, executor='parallel', parallel_workers=8, event_handlers=None, ignore_user_meta=False, metas=['./colcon.meta'], base_paths=['.'], packages_ignore=None, packages_ignore_regex=None, paths=None, packages_up_to=None, packages_up_to_regex=None, packages_above=None, packages_above_and_dependencies=None, packages_above_depth=None, packages_select_by_dep=None, packages_skip_by_dep=None, packages_skip_up_to=None, packages_select_build_failed=False, packages_skip_build_finished=False, packages_select_test_failures=False, packages_skip_test_passed=False, packages_select=None, packages_skip=None, packages_select_regex=None, packages_skip_regex=None, packages_start=None, packages_end=None, allow_overriding=[], cmake_args=None, cmake_target=None, cmake_target_skip_unavailable=False, cmake_clean_cache=False, cmake_clean_first=False, cmake_force_configure=False, ament_cmake_args=None, catkin_cmake_args=None, catkin_skip_building_tests=False, verb_parser=<colcon_defaults.argument_parser.defaults.DefaultArgumentsDecorator object at 0x7b5144a4cd90>, verb_extension=<colcon_core.verb.build.BuildVerb object at 0x7b5144a4c880>, main=<bound method BuildVerb.main of <colcon_core.verb.build.BuildVerb object at 0x7b5144a4c880>>)
[0.297s] Level 1:colcon.colcon_core.package_discovery:discover_packages(colcon_meta) check parameters
[0.297s] Level 1:colcon.colcon_core.package_discovery:discover_packages(recursive) check parameters
[0.297s] Level 1:colcon.colcon_core.package_discovery:discover_packages(ignore) check parameters
[0.297s] Level 1:colcon.colcon_core.package_discovery:discover_packages(path) check parameters
[0.297s] Level 1:colcon.colcon_core.package_discovery:discover_packages(colcon_meta) discover
[0.297s] Level 1:colcon.colcon_core.package_discovery:discover_packages(recursive) discover
[0.297s] INFO:colcon.colcon_core.package_discovery:Crawling recursively for packages in '/home/skafee/Documents/cours/framework_robotique/ros2_gazebo/tp_ws'
[0.297s] Level 1:colcon.colcon_core.package_identification:_identify(.) by extensions ['ignore', 'ignore_ament_install']
[0.297s] Level 1:colcon.colcon_core.package_identification:_identify(.) by extension 'ignore'
[0.297s] Level 1:colcon.colcon_core.package_identification:_identify(.) by extension 'ignore_ament_install'
[0.297s] Level 1:colcon.colcon_core.package_identification:_identify(.) by extensions ['colcon_pkg']
[0.297s] Level 1:colcon.colcon_core.package_identification:_identify(.) by extension 'colcon_pkg'
[0.298s] Level 1:colcon.colcon_core.package_identification:_identify(.) by extensions ['colcon_meta']
[0.298s] Level 1:colcon.colcon_core.package_identification:_identify(.) by extension 'colcon_meta'
[0.298s] Level 1:colcon.colcon_core.package_identification:_identify(.) by extensions ['ros']
[0.298s] Level 1:colcon.colcon_core.package_identification:_identify(.) by extension 'ros'
[0.310s] Level 1:colcon.colcon_core.package_identification:_identify(.) by extensions ['cmake', 'python']
[0.310s] Level 1:colcon.colcon_core.package_identification:_identify(.) by extension 'cmake'
[0.310s] Level 1:colcon.colcon_core.package_identification:_identify(.) by extension 'python'
[0.310s] Level 1:colcon.colcon_core.package_identification:_identify(.) by extensions ['python_setup_py']
[0.310s] Level 1:colcon.colcon_core.package_identification:_identify(.) by extension 'python_setup_py'
[0.310s] Level 1:colcon.colcon_core.package_identification:_identify(build) by extensions ['ignore', 'ignore_ament_install']
[0.310s] Level 1:colcon.colcon_core.package_identification:_identify(build) by extension 'ignore'
[0.310s] Level 1:colcon.colcon_core.package_identification:_identify(build) ignored
[0.310s] Level 1:colcon.colcon_core.package_identification:_identify(install) by extensions ['ignore', 'ignore_ament_install']
[0.311s] Level 1:colcon.colcon_core.package_identification:_identify(install) by extension 'ignore'
[0.311s] Level 1:colcon.colcon_core.package_identification:_identify(install) ignored
[0.311s] Level 1:colcon.colcon_core.package_identification:_identify(log) by extensions ['ignore', 'ignore_ament_install']
[0.311s] Level 1:colcon.colcon_core.package_identification:_identify(log) by extension 'ignore'
[0.311s] Level 1:colcon.colcon_core.package_identification:_identify(log) ignored
[0.311s] Level 1:colcon.colcon_core.package_identification:_identify(src) by extensions ['ignore', 'ignore_ament_install']
[0.311s] Level 1:colcon.colcon_core.package_identification:_identify(src) by extension 'ignore'
[0.311s] Level 1:colcon.colcon_core.package_identification:_identify(src) by extension 'ignore_ament_install'
[0.311s] Level 1:colcon.colcon_core.package_identification:_identify(src) by extensions ['colcon_pkg']
[0.311s] Level 1:colcon.colcon_core.package_identification:_identify(src) by extension 'colcon_pkg'
[0.311s] Level 1:colcon.colcon_core.package_identification:_identify(src) by extensions ['colcon_meta']
[0.311s] Level 1:colcon.colcon_core.package_identification:_identify(src) by extension 'colcon_meta'
[0.311s] Level 1:colcon.colcon_core.package_identification:_identify(src) by extensions ['ros']
[0.311s] Level 1:colcon.colcon_core.package_identification:_identify(src) by extension 'ros'
[0.311s] Level 1:colcon.colcon_core.package_identification:_identify(src) by extensions ['cmake', 'python']
[0.311s] Level 1:colcon.colcon_core.package_identification:_identify(src) by extension 'cmake'
[0.311s] Level 1:colcon.colcon_core.package_identification:_identify(src) by extension 'python'
[0.311s] Level 1:colcon.colcon_core.package_identification:_identify(src) by extensions ['python_setup_py']
[0.311s] Level 1:colcon.colcon_core.package_identification:_identify(src) by extension 'python_setup_py'
[0.312s] Level 1:colcon.colcon_core.package_identification:_identify(src/gazebo_perso) by extensions ['ignore', 'ignore_ament_install']
[0.312s] Level 1:colcon.colcon_core.package_identification:_identify(src/gazebo_perso) by extension 'ignore'
[0.312s] Level 1:colcon.colcon_core.package_identification:_identify(src/gazebo_perso) by extension 'ignore_ament_install'
[0.312s] Level 1:colcon.colcon_core.package_identification:_identify(src/gazebo_perso) by extensions ['colcon_pkg']
[0.312s] Level 1:colcon.colcon_core.package_identification:_identify(src/gazebo_perso) by extension 'colcon_pkg'
[0.312s] Level 1:colcon.colcon_core.package_identification:_identify(src/gazebo_perso) by extensions ['colcon_meta']
[0.312s] Level 1:colcon.colcon_core.package_identification:_identify(src/gazebo_perso) by extension 'colcon_meta'
[0.312s] Level 1:colcon.colcon_core.package_identification:_identify(src/gazebo_perso) by extensions ['ros']
[0.312s] Level 1:colcon.colcon_core.package_identification:_identify(src/gazebo_perso) by extension 'ros'
[0.315s] DEBUG:colcon.colcon_core.package_identification:Package 'src/gazebo_perso' with type 'ros.ament_python' and name 'gazebo_perso'
[0.315s] Level 1:colcon.colcon_core.package_discovery:discover_packages(recursive) using defaults
[0.315s] Level 1:colcon.colcon_core.package_discovery:discover_packages(ignore) discover
[0.315s] Level 1:colcon.colcon_core.package_discovery:discover_packages(ignore) using defaults
[0.315s] Level 1:colcon.colcon_core.package_discovery:discover_packages(path) discover
[0.315s] Level 1:colcon.colcon_core.package_discovery:discover_packages(path) using defaults
[0.343s] Level 1:colcon.colcon_core.package_discovery:discover_packages(prefix_path) check parameters
[0.343s] Level 1:colcon.colcon_core.package_discovery:discover_packages(prefix_path) discover
[0.344s] WARNING:colcon.colcon_ros.prefix_path.ament:The path '/home/skafee/Documents/cours/framework_robotique/ros2_gazebo/tp_ws/install/gazebo_perso' in the environment variable AMENT_PREFIX_PATH doesn't exist
[0.345s] DEBUG:colcon.colcon_installed_package_information.package_discovery:Found 0 installed packages in /home/skafee/Documents/cours/framework_robotique/ros2_gazebo/tp_ws/install
[0.346s] DEBUG:colcon.colcon_installed_package_information.package_discovery:Found 416 installed packages in /opt/ros/humble
[0.348s] Level 1:colcon.colcon_core.package_discovery:discover_packages(prefix_path) using defaults
[0.403s] Level 5:colcon.colcon_core.verb:set package 'gazebo_perso' build argument 'cmake_args' from command line to 'None'
[0.403s] Level 5:colcon.colcon_core.verb:set package 'gazebo_perso' build argument 'cmake_target' from command line to 'None'
[0.403s] Level 5:colcon.colcon_core.verb:set package 'gazebo_perso' build argument 'cmake_target_skip_unavailable' from command line to 'False'
[0.403s] Level 5:colcon.colcon_core.verb:set package 'gazebo_perso' build argument 'cmake_clean_cache' from command line to 'False'
[0.403s] Level 5:colcon.colcon_core.verb:set package 'gazebo_perso' build argument 'cmake_clean_first' from command line to 'False'
[0.403s] Level 5:colcon.colcon_core.verb:set package 'gazebo_perso' build argument 'cmake_force_configure' from command line to 'False'
[0.404s] Level 5:colcon.colcon_core.verb:set package 'gazebo_perso' build argument 'ament_cmake_args' from command line to 'None'
[0.404s] Level 5:colcon.colcon_core.verb:set package 'gazebo_perso' build argument 'catkin_cmake_args' from command line to 'None'
[0.404s] Level 5:colcon.colcon_core.verb:set package 'gazebo_perso' build argument 'catkin_skip_building_tests' from command line to 'False'
[0.404s] DEBUG:colcon.colcon_core.verb:Building package 'gazebo_perso' with the following arguments: {'ament_cmake_args': None, 'build_base': '/home/skafee/Documents/cours/framework_robotique/ros2_gazebo/tp_ws/build/gazebo_perso', 'catkin_cmake_args': None, 'catkin_skip_building_tests': False, 'cmake_args': None, 'cmake_clean_cache': False, 'cmake_clean_first': False, 'cmake_force_configure': False, 'cmake_target': None, 'cmake_target_skip_unavailable': False, 'install_base': '/home/skafee/Documents/cours/framework_robotique/ros2_gazebo/tp_ws/install/gazebo_perso', 'merge_install': False, 'path': '/home/skafee/Documents/cours/framework_robotique/ros2_gazebo/tp_ws/src/gazebo_perso', 'symlink_install': False, 'test_result_base': None}
[0.404s] INFO:colcon.colcon_core.executor:Executing jobs using 'parallel' executor
[0.405s] DEBUG:colcon.colcon_parallel_executor.executor.parallel:run_until_complete
[0.405s] INFO:colcon.colcon_ros.task.ament_python.build:Building ROS package in '/home/skafee/Documents/cours/framework_robotique/ros2_gazebo/tp_ws/src/gazebo_perso' with build type 'ament_python'
[0.405s] Level 1:colcon.colcon_core.shell:create_environment_hook('gazebo_perso', 'ament_prefix_path')
[0.407s] INFO:colcon.colcon_core.plugin_system:Skipping extension 'colcon_core.shell.bat': Not used on non-Windows systems
[0.407s] INFO:colcon.colcon_core.shell:Creating environment hook '/home/skafee/Documents/cours/framework_robotique/ros2_gazebo/tp_ws/install/gazebo_perso/share/gazebo_perso/hook/ament_prefix_path.ps1'
[0.408s] INFO:colcon.colcon_core.shell:Creating environment descriptor '/home/skafee/Documents/cours/framework_robotique/ros2_gazebo/tp_ws/install/gazebo_perso/share/gazebo_perso/hook/ament_prefix_path.dsv'
[0.408s] INFO:colcon.colcon_core.shell:Creating environment hook '/home/skafee/Documents/cours/framework_robotique/ros2_gazebo/tp_ws/install/gazebo_perso/share/gazebo_perso/hook/ament_prefix_path.sh'
[0.409s] INFO:colcon.colcon_core.shell:Skip shell extension 'powershell' for command environment: Not usable outside of PowerShell
[0.409s] DEBUG:colcon.colcon_core.shell:Skip shell extension 'dsv' for command environment
[0.695s] INFO:colcon.colcon_core.task.python.build:Building Python package in '/home/skafee/Documents/cours/framework_robotique/ros2_gazebo/tp_ws/src/gazebo_perso'
[0.696s] INFO:colcon.colcon_core.shell:Skip shell extension 'powershell' for command environment: Not usable outside of PowerShell
[0.696s] DEBUG:colcon.colcon_core.shell:Skip shell extension 'dsv' for command environment
[1.089s] DEBUG:colcon.colcon_core.event_handler.log_command:Invoking command in '/home/skafee/Documents/cours/framework_robotique/ros2_gazebo/tp_ws/src/gazebo_perso': PYTHONPATH=/home/skafee/Documents/cours/framework_robotique/ros2_gazebo/tp_ws/build/gazebo_perso/prefix_override:/usr/lib/python3/dist-packages/colcon_core/task/python/colcon_distutils_commands:/home/skafee/Documents/cours/framework_robotique/ros2_gazebo/tp_ws/install/gazebo_perso/lib/python3.10/site-packages:${PYTHONPATH} /usr/bin/python3 -W ignore:setup.py install is deprecated -W ignore:easy_install command is deprecated setup.py egg_info --egg-base ../../build/gazebo_perso build --build-base /home/skafee/Documents/cours/framework_robotique/ros2_gazebo/tp_ws/build/gazebo_perso/build install --record /home/skafee/Documents/cours/framework_robotique/ros2_gazebo/tp_ws/build/gazebo_perso/install.log --single-version-externally-managed install_data
[1.379s] DEBUG:colcon.colcon_core.event_handler.log_command:Invoked command in '/home/skafee/Documents/cours/framework_robotique/ros2_gazebo/tp_ws/src/gazebo_perso' returned '1': PYTHONPATH=/home/skafee/Documents/cours/framework_robotique/ros2_gazebo/tp_ws/build/gazebo_perso/prefix_override:/usr/lib/python3/dist-packages/colcon_core/task/python/colcon_distutils_commands:/home/skafee/Documents/cours/framework_robotique/ros2_gazebo/tp_ws/install/gazebo_perso/lib/python3.10/site-packages:${PYTHONPATH} /usr/bin/python3 -W ignore:setup.py install is deprecated -W ignore:easy_install command is deprecated setup.py egg_info --egg-base ../../build/gazebo_perso build --build-base /home/skafee/Documents/cours/framework_robotique/ros2_gazebo/tp_ws/build/gazebo_perso/build install --record /home/skafee/Documents/cours/framework_robotique/ros2_gazebo/tp_ws/build/gazebo_perso/install.log --single-version-externally-managed install_data
[1.389s] DEBUG:colcon.colcon_parallel_executor.executor.parallel:closing loop
[1.389s] DEBUG:colcon.colcon_parallel_executor.executor.parallel:loop closed
[1.389s] DEBUG:colcon.colcon_parallel_executor.executor.parallel:run_until_complete finished with '1'
[1.389s] DEBUG:colcon.colcon_core.event_reactor:joining thread
[1.397s] INFO:colcon.colcon_core.plugin_system:Skipping extension 'colcon_notification.desktop_notification.notify_send': Could not find 'notify-send'
[1.398s] INFO:colcon.colcon_core.plugin_system:Skipping extension 'colcon_notification.desktop_notification.terminal_notifier': Not used on non-Darwin systems
[1.398s] INFO:colcon.colcon_core.plugin_system:Skipping extension 'colcon_notification.desktop_notification.win32': Not used on non-Windows systems
[1.398s] INFO:colcon.colcon_notification.desktop_notification:Sending desktop notification using 'notify2'
[1.409s] DEBUG:colcon.colcon_core.event_reactor:joined thread
[1.410s] INFO:colcon.colcon_core.shell:Creating prefix script '/home/skafee/Documents/cours/framework_robotique/ros2_gazebo/tp_ws/install/local_setup.ps1'
[1.410s] INFO:colcon.colcon_core.shell:Creating prefix util module '/home/skafee/Documents/cours/framework_robotique/ros2_gazebo/tp_ws/install/_local_setup_util_ps1.py'
[1.412s] INFO:colcon.colcon_core.shell:Creating prefix chain script '/home/skafee/Documents/cours/framework_robotique/ros2_gazebo/tp_ws/install/setup.ps1'
[1.414s] INFO:colcon.colcon_core.shell:Creating prefix script '/home/skafee/Documents/cours/framework_robotique/ros2_gazebo/tp_ws/install/local_setup.sh'
[1.415s] INFO:colcon.colcon_core.shell:Creating prefix util module '/home/skafee/Documents/cours/framework_robotique/ros2_gazebo/tp_ws/install/_local_setup_util_sh.py'
[1.416s] INFO:colcon.colcon_core.shell:Creating prefix chain script '/home/skafee/Documents/cours/framework_robotique/ros2_gazebo/tp_ws/install/setup.sh'
[1.417s] INFO:colcon.colcon_core.shell:Creating prefix script '/home/skafee/Documents/cours/framework_robotique/ros2_gazebo/tp_ws/install/local_setup.bash'
[1.417s] INFO:colcon.colcon_core.shell:Creating prefix chain script '/home/skafee/Documents/cours/framework_robotique/ros2_gazebo/tp_ws/install/setup.bash'
[1.418s] INFO:colcon.colcon_core.shell:Creating prefix script '/home/skafee/Documents/cours/framework_robotique/ros2_gazebo/tp_ws/install/local_setup.zsh'
[1.418s] INFO:colcon.colcon_core.shell:Creating prefix chain script '/home/skafee/Documents/cours/framework_robotique/ros2_gazebo/tp_ws/install/setup.zsh'
